[debug] [2026-05-06T15:57:53.175Z] ----------------------------------------------------------------------
[debug] [2026-05-06T15:57:53.178Z] Command:       C:\Program Files\nodejs\node.exe C:\Users\RYDAN\AppData\Roaming\npm\node_modules\firebase-tools\lib\bin\firebase.js deploy
[debug] [2026-05-06T15:57:53.178Z] CLI Version:   13.13.2
[debug] [2026-05-06T15:57:53.179Z] Platform:      win32
[debug] [2026-05-06T15:57:53.179Z] Node Version:  v20.15.1
[debug] [2026-05-06T15:57:53.179Z] Time:          Wed May 06 2026 18:57:53 GMT+0300 (heure normale d’Afrique de l’Est)
[debug] [2026-05-06T15:57:53.179Z] ----------------------------------------------------------------------
[debug] 
[debug] [2026-05-06T15:57:53.256Z] > refreshing access token with scopes: []
[debug] [2026-05-06T15:57:53.259Z] >>> [apiv2][query] POST https://www.googleapis.com/oauth2/v3/token [none]
[debug] [2026-05-06T15:57:53.259Z] >>> [apiv2][body] POST https://www.googleapis.com/oauth2/v3/token [omitted]
[debug] [2026-05-06T15:57:53.816Z] <<< [apiv2][status] POST https://www.googleapis.com/oauth2/v3/token 400
[debug] [2026-05-06T15:57:53.816Z] <<< [apiv2][body] POST https://www.googleapis.com/oauth2/v3/token [omitted]
[debug] [2026-05-06T15:57:53.817Z] > command requires scopes: ["email","openid","https://www.googleapis.com/auth/cloudplatformprojects.readonly","https://www.googleapis.com/auth/firebase","https://www.googleapis.com/auth/cloud-platform"]
[debug] [2026-05-06T15:57:53.818Z] > authorizing via signed-in user (rydanyaina@gmail.com)
[debug] [2026-05-06T15:57:53.818Z] [iam] checking project portfoliov2-fefb3 for permissions ["firebase.projects.get","firebasehosting.sites.update"]
[debug] [2026-05-06T15:57:53.818Z] >>> [apiv2][query] POST https://cloudresourcemanager.googleapis.com/v1/projects/portfoliov2-fefb3:testIamPermissions [none]
[debug] [2026-05-06T15:57:53.819Z] >>> [apiv2][(partial)header] POST https://cloudresourcemanager.googleapis.com/v1/projects/portfoliov2-fefb3:testIamPermissions x-goog-quota-user=projects/portfoliov2-fefb3
[debug] [2026-05-06T15:57:53.819Z] >>> [apiv2][body] POST https://cloudresourcemanager.googleapis.com/v1/projects/portfoliov2-fefb3:testIamPermissions {"permissions":["firebase.projects.get","firebasehosting.sites.update"]}
[debug] [2026-05-06T15:57:55.510Z] <<< [apiv2][status] POST https://cloudresourcemanager.googleapis.com/v1/projects/portfoliov2-fefb3:testIamPermissions 401
[debug] [2026-05-06T15:57:55.511Z] <<< [apiv2][body] POST https://cloudresourcemanager.googleapis.com/v1/projects/portfoliov2-fefb3:testIamPermissions {"error":{"code":401,"message":"Request had invalid authentication credentials. Expected OAuth 2 access token, login cookie or other valid authentication credential. See https://developers.google.com/identity/sign-in/web/devconsole-project.","status":"UNAUTHENTICATED","details":[{"@type":"type.googleapis.com/google.rpc.ErrorInfo","reason":"ACCESS_TOKEN_TYPE_UNSUPPORTED","metadata":{"method":"google.cloudresourcemanager.v1.Projects.TestIamPermissions","service":"cloudresourcemanager.googleapis.com"}}]}}
[debug] [2026-05-06T15:57:55.512Z] [iam] error while checking permissions, command may fail: FirebaseError: HTTP Error: 401, Request had invalid authentication credentials. Expected OAuth 2 access token, login cookie or other valid authentication credential. See https://developers.google.com/identity/sign-in/web/devconsole-project.
[debug] [2026-05-06T15:57:55.512Z] >>> [apiv2][query] GET https://firebase.googleapis.com/v1beta1/projects/portfoliov2-fefb3 [none]
[debug] [2026-05-06T15:57:56.083Z] <<< [apiv2][status] GET https://firebase.googleapis.com/v1beta1/projects/portfoliov2-fefb3 401
[debug] [2026-05-06T15:57:56.083Z] <<< [apiv2][body] GET https://firebase.googleapis.com/v1beta1/projects/portfoliov2-fefb3 {"error":{"code":401,"message":"Request had invalid authentication credentials. Expected OAuth 2 access token, login cookie or other valid authentication credential. See https://developers.google.com/identity/sign-in/web/devconsole-project.","status":"UNAUTHENTICATED"}}
[debug] [2026-05-06T15:57:56.084Z] HTTP Error: 401, Request had invalid authentication credentials. Expected OAuth 2 access token, login cookie or other valid authentication credential. See https://developers.google.com/identity/sign-in/web/devconsole-project.
[error] 
[error] Error: Assertion failed: resolving hosting target of a site with no site name or target name. This should have caused an error earlier
